Running LZ4Cluster on LKT with size 1024
avgChunkSize is 1024
2025-02-21 17:14:18 <Ftcg>: Start to process 4 files
2025-02-21 17:14:18 <Chunker>: chunking done.
2025-02-21 17:14:18 <Chunker>: thread exit.
2025-02-21 17:14:20 <Chunker>: chunking done.
2025-02-21 17:14:20 <Chunker>: thread exit.
2025-02-21 17:14:21 <Chunker>: chunking done.
2025-02-21 17:14:21 <Chunker>: thread exit.
2025-02-21 17:14:22 <Chunker>: chunking done.
2025-02-21 17:14:22 <Chunker>: thread exit.
2025-02-21 17:14:23 <FPLz4BaselineImplement>: total chunk num is 105532
2025-02-21 17:14:23 <FPLz4BaselineImplement>: feature num is 0
2025-02-21 17:14:23 <FPLz4BaselineImplement>: FP finished chunk num is 0
2025-02-21 17:14:23 <FPLz4BaselineImplement>: FP unfinished chunk num is 102598
2025-02-21 17:14:23 <FPLz4BaselineImplement>: a Finished chunk num is 41112
2025-02-21 17:14:23 <FPLz4BaselineImplement>: a Unfinished chunk num is 61486
0 compressedSize: 15225
1 compressedSize: 15122
2 compressedSize: 14930
3 compressedSize: 14823
4 compressedSize: 14887
5 compressedSize: 14874
6 compressedSize: 14787
7 compressedSize: 14771
8 compressedSize: 14843
9 compressedSize: 14816
10 compressedSize: 14763
11 compressedSize: 14758
12 compressedSize: 14753
13 compressedSize: 14791
14 compressedSize: 14795
15 compressedSize: 14809
16 compressedSize: 14801
2025-02-21 17:14:23 <FPLz4BaselineImplement>: compressed chunk num is 102598
Time taken by for loop: 4.45786 s 
2025-02-21 17:14:23 <Ftcg>: processNum 4 
2025-02-21 17:14:23 <Ftcg>: Group Num is 79544
2025-02-21 17:14:23 <Ftcg>: Total logical size is 864501760
2025-02-21 17:14:23 <Ftcg>: Total unique size is 840472576
2025-02-21 17:14:23 <Ftcg>: Total compressed size is 0
2025-02-21 17:14:23 <Ftcg>: Overall Compression ratio is inf
2025-02-21 17:14:23 <Ftcg>: Unique Compression ratio is inf
--------------------------------------------------
